// Jest Snapshot v1, https://goo.gl/fbAQLP

exports[`App component renders App 1`] = `
<Elements
  stripe={Promise {}}
>
  <div>
    <BrowserRouter>
      <HeaderDisplay />
      <Switch>
        <Route
          component={[Function]}
          path="/user/:id"
        />
        <Route
          component={[Function]}
          path="/restaurant/:id"
        />
        <Route
          component={[Function]}
          exact={true}
          path="/portland/:area"
        />
        <Route
          component={[Function]}
          exact={true}
          path="/portland"
        />
        <Route
          component={[Function]}
          path="/checkout"
        />
        <Route
          component={[Function]}
          path="/signup"
        />
        <Route
          component={[Function]}
          path="/restaurant-reg"
        />
        <Route
          component={[Function]}
          path="/business/add-poll"
        />
        <Route
          component={[Function]}
          path="/business/add-offering"
        />
        <Route
          component={[Function]}
          exact={true}
          path="/business"
        />
        <Route
          component={[Function]}
          path="/login"
        />
        <Route
          component={[Function]}
          path="/business/all-polls"
        />
        <Route
          component={[Function]}
          path="/business/all-offerings"
        />
        <Route
          component={[Function]}
          path="/business/all-orders"
        />
        <Route
          component={[Function]}
          path="/business/order/:orderId"
        />
        <Route
          component={[Function]}
          exact={true}
          path="/"
        />
      </Switch>
    </BrowserRouter>
  </div>
</Elements>
`;
