// Jest Snapshot v1, https://goo.gl/fbAQLP

exports[`SignUp matches a SignUp snapshot 1`] = `
<div>
  <h2>
    Sign Up
  </h2>
  <form
    onSubmit={[Function]}
  >
    <input
      onChange={[Function]}
      placeholder="First name"
      type="text"
      value=""
    />
    <input
      onChange={[Function]}
      placeholder="Last name"
      type="text"
      value=""
    />
    <input
      onChange={[Function]}
      placeholder="Email address"
      type="text"
      value=""
    />
    <input
      onChange={[Function]}
      placeholder="Create password"
      type="password"
      value=""
    />
    <label
      htmlFor="user"
    >
      User
    </label>
    <input
      checked={true}
      id="user"
      name="role"
      onChange={[Function]}
      type="radio"
      value="User"
    />
    <label
      htmlFor="restaurant"
    >
      Restaurant Owner
    </label>
    <input
      checked={false}
      id="restaurant"
      name="role"
      onChange={[Function]}
      type="radio"
      value="Restaurant"
    />
    <button>
      Sign Up
    </button>
  </form>
</div>
`;
